home 360 chips=6 marker=true errors=0
home 390 chips=6 marker=true errors=0
home 1440 chips=6 marker=true errors=0
home-os-dark 390 chips=6 marker=true errors=0
home-pending 390 chips=0 marker=true errors=0
home-empty 390 chips=0 marker=true errors=0
home-error 390 chips=0 marker=true errors=0
matches 390 chips=7 marker=true errors=0
match-detail 360 chips=1 marker=true errors=0
match-detail 390 chips=1 marker=true errors=0
match-detail 1440 chips=1 marker=true errors=0
tournaments 390 chips=8 marker=true errors=0
tournament-detail 360 chips=1 marker=true errors=0
tournament-detail 390 chips=1 marker=true errors=0
tournament-detail 1440 chips=1 marker=true errors=0
tournament-bracket-se 390 chips=1 marker=true errors=0
tournament-bracket-de 390 chips=1 marker=true errors=0
history 390 chips=11 marker=true errors=0
admin 390 chips=2 marker=true errors=0
judge-readonly 360 chips=0 marker=true errors=0
judge-readonly 390 chips=0 marker=true errors=0
judge-readonly 1440 chips=0 marker=true errors=0
judge-readonly-os-dark 390 chips=0 marker=true errors=0
team-detail 390 chips=2 marker=true errors=0
team-archived 390 chips=2 marker=true errors=0
notifications 390 chips=0 marker=true errors=0
profile 390 chips=4 marker=true errors=0
login-eye 390 chips=0 marker=true errors=0
RESULT /private/tmp/tab10-wo4-preliminary/runtime.json
